// Jest Snapshot v1, https://goo.gl/fbAQLP

exports[`<TypographyBase /> should match snapshot 1`] = `
<div>
  <p
    class="MuiTypography-root MuiTypography-body1"
  >
    Test
  </p>
</div>
`;
