// Jest Snapshot v1, https://goo.gl/fbAQLP

exports[`<AvatarBase /> should match snapshot 1`] = `
<div>
  <div
    class="MuiBox-root MuiBox-root-2"
  >
    <div
      class="MuiAvatar-root MuiAvatar-circle MuiAvatar-colorDefault"
      style="width: inherit; height: inherit;"
    >
      Test
    </div>
  </div>
</div>
`;
