// Jest Snapshot v1, https://goo.gl/fbAQLP

exports[`<ListBase /> should match snapshot 1`] = `
<div>
  <div
    class="MuiBox-root MuiBox-root-2"
  >
    <ul
      class="MuiList-root MuiList-padding"
    >
      <div>
        Test
      </div>
    </ul>
  </div>
</div>
`;
