// Jest Snapshot v1, https://goo.gl/fbAQLP

exports[`<ButtonBase /> should match snapshot 1`] = `
<div>
  <div
    class="MuiListItemText-root"
  >
    <span
      class="MuiTypography-root MuiListItemText-primary MuiTypography-body1 MuiTypography-displayBlock"
    >
      <div>
        Test
      </div>
    </span>
  </div>
</div>
`;
