// Jest Snapshot v1, https://goo.gl/fbAQLP

exports[`<ButtonBase /> should match snapshot 1`] = `
<div>
  <button
    class="MuiButtonBase-root MuiFab-root"
    tabindex="0"
    type="button"
  >
    <span
      class="MuiFab-label"
    >
      <div>
        Test
      </div>
    </span>
    <span
      class="MuiTouchRipple-root"
    />
  </button>
</div>
`;
