// Jest Snapshot v1, https://goo.gl/fbAQLP

exports[`<ListItemIconBase /> should match snapshot 1`] = `
<div>
  <div
    class="MuiListItemIcon-root"
  >
    <div>
      Test
    </div>
  </div>
</div>
`;
